INFO     WDM:logger.py:11 ====== WebDriver manager ======
INFO     WDM:logger.py:11 Get LATEST chromedriver version for google-chrome
INFO     WDM:logger.py:11 Get LATEST chromedriver version for google-chrome
INFO     WDM:logger.py:11 Driver [/Users/mesutgunes/.wdm/drivers/chromedriver/mac64/135.0.7049.114/chromedriver-mac-arm64/chromedriver] found in cache
WARNING  urllib3.connectionpool:connectionpool.py:868 Retrying (Retry(total=2, connect=None, read=None, redirect=None, status=None)) after connection broken by 'NewConnectionError('<urllib3.connection.HTTPConnection object at 0x106c46620>: Failed to establish a new connection: [Errno 61] Connection refused')': /session/a5dd2deb3bfe04b70b2186c8df1ef4e2
WARNING  urllib3.connectionpool:connectionpool.py:868 Retrying (Retry(total=1, connect=None, read=None, redirect=None, status=None)) after connection broken by 'NewConnectionError('<urllib3.connection.HTTPConnection object at 0x106c47580>: Failed to establish a new connection: [Errno 61] Connection refused')': /session/a5dd2deb3bfe04b70b2186c8df1ef4e2
WARNING  urllib3.connectionpool:connectionpool.py:868 Retrying (Retry(total=0, connect=None, read=None, redirect=None, status=None)) after connection broken by 'NewConnectionError('<urllib3.connection.HTTPConnection object at 0x106c476d0>: Failed to establish a new connection: [Errno 61] Connection refused')': /session/a5dd2deb3bfe04b70b2186c8df1ef4e2
